1 test started, 0 complete: hash_map/remove_multiple started
1 test started, 1 complete: hash_map/remove_multiple complete
[91m**** FAILED: hash_map/remove_multiple[0m
{ 0 < >

}
adding k=2, v=14822138736635994420
{ 0 < 52 >
  (2, 14822138736635994420)
}
adding k=9, v=17656037315270624638
{ 0 < 52 >
  { 1 < 25 26 >
    (2, 14822138736635994420),
    (9, 17656037315270624638)
  }
}
adding k=8, v=17605292819709329672
{ 0 < 52 >
  { 1 < 25 26 59 >
    (2, 14822138736635994420),
    (9, 17656037315270624638),
    (8, 17605292819709329672)
  }
}
adding k=7, v=9841727467985230792
{ 0 < 52 >
  { 1 < 25 26 59 >
    (2, 14822138736635994420),
    (9, 17656037315270624638),
    { 2 < 7 9 >
      (8, 17605292819709329672),
      (7, 9841727467985230792)
    }
  }
}
adding k=6, v=8213859805331010578
{ 0 < 52 >
  { 1 < 25 26 59 >
    (2, 14822138736635994420),
    (9, 17656037315270624638),
    { 2 < 7 9 40 >
      (8, 17605292819709329672),
      (7, 9841727467985230792),
      (6, 8213859805331010578)
    }
  }
}
adding k=1, v=4017391092254375217
{ 0 < 52 >
  { 1 < 25 26 59 >
    (2, 14822138736635994420),
    (9, 17656037315270624638),
    { 2 < 7 9 40 >
      (8, 17605292819709329672),
      (7, 9841727467985230792),
      { 3 < 31 37 >
        (6, 8213859805331010578),
        (1, 4017391092254375217)
      }
    }
  }
}
adding k=4, v=17765236713917031121
{ 0 < 52 >
  { 1 < 25 26 59 >
    (2, 14822138736635994420),
    (9, 17656037315270624638),
    { 2 < 7 9 40 >
      { 3 < 42 >
        { 4 < 60 >
          { 5 < 44 >
            { 6 < 55 >
              { 7 < 15 >
                { 8 < 20 42 >
                  (8, 17605292819709329672),
                  (4, 17765236713917031121)
                }
              }
            }
          }
        }
      },
      (7, 9841727467985230792),
      { 3 < 31 37 >
        (6, 8213859805331010578),
        (1, 4017391092254375217)
      }
    }
  }
}
adding k=5, v=15330127487541413826
{ 0 < 52 >
  { 1 < 25 26 59 >
    (2, 14822138736635994420),
    (9, 17656037315270624638),
    { 2 < 7 9 40 >
      { 3 < 42 >
        { 4 < 60 >
          { 5 < 44 >
            { 6 < 55 >
              { 7 < 15 >
                { 8 < 20 42 >
                  (8, 17605292819709329672),
                  (4, 17765236713917031121)
                }
              }
            }
          }
        }
      },
      (7, 9841727467985230792),
      { 3 < 31 37 58 >
        (6, 8213859805331010578),
        (1, 4017391092254375217),
        (5, 15330127487541413826)
      }
    }
  }
}
adding k=0, v=16239066839067045534
{ 0 < 52 >
  { 1 < 25 26 59 >
    (2, 14822138736635994420),
    (9, 17656037315270624638),
    { 2 < 7 9 40 60 >
      { 3 < 42 >
        { 4 < 60 >
          { 5 < 44 >
            { 6 < 55 >
              { 7 < 15 >
                { 8 < 20 42 >
                  (8, 17605292819709329672),
                  (4, 17765236713917031121)
                }
              }
            }
          }
        }
      },
      (7, 9841727467985230792),
      { 3 < 31 37 58 >
        (6, 8213859805331010578),
        (1, 4017391092254375217),
        (5, 15330127487541413826)
      },
      (0, 16239066839067045534)
    }
  }
}
adding k=3, v=438356329760319702
{ 0 < 52 >
  { 1 < 25 26 59 >
    (2, 14822138736635994420),
    (9, 17656037315270624638),
    { 2 < 7 9 40 60 >
      { 3 < 42 >
        { 4 < 60 >
          { 5 < 44 >
            { 6 < 55 >
              { 7 < 15 >
                { 8 < 20 42 >
                  (8, 17605292819709329672),
                  (4, 17765236713917031121)
                }
              }
            }
          }
        }
      },
      (7, 9841727467985230792),
      { 3 < 31 37 58 >
        (6, 8213859805331010578),
        (1, 4017391092254375217),
        (5, 15330127487541413826)
      },
      { 3 < 6 47 >
        (0, 16239066839067045534),
        (3, 438356329760319702)
      }
    }
  }
}
deleting i=4, k=6
C:\Users\TisherG\Dev\Pony\pony_champ_map\champ_map\test\_hash_map.pony:110: Assert eq passed.  Got (8213859805331010578) == (8213859805331010578)
C:\Users\TisherG\Dev\Pony\pony_champ_map\champ_map\test\_hash_map.pony:108: Assert no error passed. Map did not contain (6, 8213859805331010578) @ 4 for i=4, size=10
{ 0 < 52 >
  { 1 < 25 26 59 >
    (2, 14822138736635994420),
    (9, 17656037315270624638),
    { 2 < 7 9 40 60 >
      { 3 < 42 >
        { 4 < 60 >
          { 5 < 44 >
            { 6 < 55 >
              { 7 < 15 >
                { 8 < 20 42 >
                  (8, 17605292819709329672),
                  (4, 17765236713917031121)
                }
              }
            }
          }
        }
      },
      (7, 9841727467985230792),
      { 3 < 37 58 >
        (1, 4017391092254375217),
        (5, 15330127487541413826)
      },
      { 3 < 6 47 >
        (0, 16239066839067045534),
        (3, 438356329760319702)
      }
    }
  }
}
C:\Users\TisherG\Dev\Pony\pony_champ_map\champ_map\test\_hash_map.pony:120: Assert eq passed.  Got (9) == (9)
C:\Users\TisherG\Dev\Pony\pony_champ_map\champ_map\test\_hash_map.pony:121: Assert error passed. Map lookup succeeded after delete for i=4, size=9, k=6
deleting i=9, k=3
C:\Users\TisherG\Dev\Pony\pony_champ_map\champ_map\test\_hash_map.pony:110: Assert eq passed.  Got (438356329760319702) == (438356329760319702)
C:\Users\TisherG\Dev\Pony\pony_champ_map\champ_map\test\_hash_map.pony:108: Assert no error passed. Map did not contain (3, 438356329760319702) @ 9 for i=9, size=9
{ 0 < 52 >
  { 1 < 25 26 59 >
    (2, 14822138736635994420),
    (9, 17656037315270624638),
    { 2 < 7 9 40 60 >
      { 3 < 42 >
        { 4 < 60 >
          { 5 < 44 >
            { 6 < 55 >
              { 7 < 15 >
                { 8 < 20 42 >
                  (8, 17605292819709329672),
                  (4, 17765236713917031121)
                }
              }
            }
          }
        }
      },
      (7, 9841727467985230792),
      { 3 < 37 58 >
        (1, 4017391092254375217),
        (5, 15330127487541413826)
      },
      (0, 16239066839067045534)
    }
  }
}
C:\Users\TisherG\Dev\Pony\pony_champ_map\champ_map\test\_hash_map.pony:120: Assert eq passed.  Got (8) == (8)
C:\Users\TisherG\Dev\Pony\pony_champ_map\champ_map\test\_hash_map.pony:121: Assert error passed. Map lookup succeeded after delete for i=9, size=8, k=3
deleting i=5, k=1
C:\Users\TisherG\Dev\Pony\pony_champ_map\champ_map\test\_hash_map.pony:110: Assert eq passed.  Got (4017391092254375217) == (4017391092254375217)
C:\Users\TisherG\Dev\Pony\pony_champ_map\champ_map\test\_hash_map.pony:108: Assert no error passed. Map did not contain (1, 4017391092254375217) @ 5 for i=5, size=8
{ 0 < 52 >
  { 1 < 25 26 59 >
    (2, 14822138736635994420),
    (9, 17656037315270624638),
    { 2 < 7 9 40 60 >
      { 3 < 42 >
        { 4 < 60 >
          { 5 < 44 >
            { 6 < 55 >
              { 7 < 15 >
                { 8 < 20 42 >
                  (8, 17605292819709329672),
                  (4, 17765236713917031121)
                }
              }
            }
          }
        }
      },
      (7, 9841727467985230792),
      (5, 15330127487541413826),
      (0, 16239066839067045534)
    }
  }
}
C:\Users\TisherG\Dev\Pony\pony_champ_map\champ_map\test\_hash_map.pony:120: Assert eq passed.  Got (7) == (7)
C:\Users\TisherG\Dev\Pony\pony_champ_map\champ_map\test\_hash_map.pony:121: Assert error passed. Map lookup succeeded after delete for i=5, size=7, k=1
deleting i=7, k=5
C:\Users\TisherG\Dev\Pony\pony_champ_map\champ_map\test\_hash_map.pony:110: Assert eq passed.  Got (15330127487541413826) == (15330127487541413826)
C:\Users\TisherG\Dev\Pony\pony_champ_map\champ_map\test\_hash_map.pony:108: Assert no error passed. Map did not contain (5, 15330127487541413826) @ 7 for i=7, size=7
{ 0 < 52 >
  { 1 < 25 26 59 >
    (2, 14822138736635994420),
    (9, 17656037315270624638),
    { 2 < 7 9 40 60 >
      { 3 < 42 >
        { 4 < 60 >
          { 5 < 44 >
            { 6 < 55 >
              { 7 < 15 >
                { 8 < 20 42 >
                  (8, 17605292819709329672),
                  (4, 17765236713917031121)
                }
              }
            }
          }
        }
      },
      (7, 9841727467985230792),
      (0, 16239066839067045534)
    }
  }
}
C:\Users\TisherG\Dev\Pony\pony_champ_map\champ_map\test\_hash_map.pony:120: Assert eq passed.  Got (6) == (6)
C:\Users\TisherG\Dev\Pony\pony_champ_map\champ_map\test\_hash_map.pony:121: Assert error passed. Map lookup succeeded after delete for i=7, size=6, k=5
deleting i=3, k=7
C:\Users\TisherG\Dev\Pony\pony_champ_map\champ_map\test\_hash_map.pony:110: Assert eq passed.  Got (9841727467985230792) == (9841727467985230792)
C:\Users\TisherG\Dev\Pony\pony_champ_map\champ_map\test\_hash_map.pony:108: Assert no error passed. Map did not contain (7, 9841727467985230792) @ 3 for i=3, size=6
{ 0 < 52 >
  { 1 < 25 26 59 >
    (2, 14822138736635994420),
    (9, 17656037315270624638),
    { 2 < 7 40 60 >
      { 3 < 42 >
        { 4 < 60 >
          { 5 < 44 >
            { 6 < 55 >
              { 7 < 15 >
                { 8 < 20 42 >
                  (8, 17605292819709329672),
                  (4, 17765236713917031121)
                }
              }
            }
          }
        }
      },
      (0, 16239066839067045534)
    }
  }
}
C:\Users\TisherG\Dev\Pony\pony_champ_map\champ_map\test\_hash_map.pony:120: Assert eq passed.  Got (5) == (5)
C:\Users\TisherG\Dev\Pony\pony_champ_map\champ_map\test\_hash_map.pony:121: Assert error passed. Map lookup succeeded after delete for i=3, size=5, k=7
deleting i=1, k=9
C:\Users\TisherG\Dev\Pony\pony_champ_map\champ_map\test\_hash_map.pony:110: Assert eq passed.  Got (17656037315270624638) == (17656037315270624638)
C:\Users\TisherG\Dev\Pony\pony_champ_map\champ_map\test\_hash_map.pony:108: Assert no error passed. Map did not contain (9, 17656037315270624638) @ 1 for i=1, size=5
{ 0 < 52 >
  { 1 < 25 59 >
    (2, 14822138736635994420),
    { 2 < 7 40 60 >
      { 3 < 42 >
        { 4 < 60 >
          { 5 < 44 >
            { 6 < 55 >
              { 7 < 15 >
                { 8 < 20 42 >
                  (8, 17605292819709329672),
                  (4, 17765236713917031121)
                }
              }
            }
          }
        }
      },
      (0, 16239066839067045534)
    }
  }
}
C:\Users\TisherG\Dev\Pony\pony_champ_map\champ_map\test\_hash_map.pony:120: Assert eq passed.  Got (4) == (4)
C:\Users\TisherG\Dev\Pony\pony_champ_map\champ_map\test\_hash_map.pony:121: Assert error passed. Map lookup succeeded after delete for i=1, size=4, k=9
deleting i=0, k=2
C:\Users\TisherG\Dev\Pony\pony_champ_map\champ_map\test\_hash_map.pony:110: Assert eq passed.  Got (14822138736635994420) == (14822138736635994420)
C:\Users\TisherG\Dev\Pony\pony_champ_map\champ_map\test\_hash_map.pony:108: Assert no error passed. Map did not contain (2, 14822138736635994420) @ 0 for i=0, size=4
{ 0 < 52 >
  { 1 < 59 >
    { 2 < 7 40 60 >
      { 3 < 42 >
        { 4 < 60 >
          { 5 < 44 >
            { 6 < 55 >
              { 7 < 15 >
                { 8 < 20 42 >
                  (8, 17605292819709329672),
                  (4, 17765236713917031121)
                }
              }
            }
          }
        }
      },
      (0, 16239066839067045534)
    }
  }
}
C:\Users\TisherG\Dev\Pony\pony_champ_map\champ_map\test\_hash_map.pony:120: Assert eq passed.  Got (3) == (3)
C:\Users\TisherG\Dev\Pony\pony_champ_map\champ_map\test\_hash_map.pony:121: Assert error passed. Map lookup succeeded after delete for i=0, size=3, k=2
deleting i=8, k=0
C:\Users\TisherG\Dev\Pony\pony_champ_map\champ_map\test\_hash_map.pony:108: Assert no error failed. Map did not contain (0, 16239066839067045534) @ 8 for i=8, size=3
Test threw an error
Short test finished
Tearing down test
----
---- 1 test ran.
[92m---- Passed: 0[0m
[91m**** FAILED: 1 test, listed below:[0m
[91m**** FAILED: hash_map/remove_multiple[0m
